node:internal/fs/watchers:323
    const error = new UVException({
                  ^

Error: EBUSY: resource busy or locked, watch 'C:\myHMS\apps\web\src-tauri\target\release\deps\app.pdb'
    at FSWatcher.<computed> (node:internal/fs/watchers:323:19)
    at Object.watch (node:fs:3062:36)
    at createFsWatchInstance (file:///C:/myHMS/node_modules/vite/dist/node/chunks/dep-Dm0c1Wj2.js:22195:17)
    at setFsWatchListener (file:///C:/myHMS/node_modules/vite/dist/node/chunks/dep-Dm0c1Wj2.js:22242:15)
    at NodeFsHandler._watchWithNodeFs (file:///C:/myHMS/node_modules/vite/dist/node/chunks/dep-Dm0c1Wj2.js:22397:14)
    at NodeFsHandler._handleFile (file:///C:/myHMS/node_modules/vite/dist/node/chunks/dep-Dm0c1Wj2.js:22461:23)
    at NodeFsHandler._addToNodeFs (file:///C:/myHMS/node_modules/vite/dist/node/chunks/dep-Dm0c1Wj2.js:22703:21)
Emitted 'error' event on FSWatcher instance at:
    at FSWatcher._handleError (file:///C:/myHMS/node_modules/vite/dist/node/chunks/dep-Dm0c1Wj2.js:23896:10)
    at NodeFsHandler._addToNodeFs (file:///C:/myHMS/node_modules/vite/dist/node/chunks/dep-Dm0c1Wj2.js:22711:18) {
  errno: -4082,
  syscall: 'watch',
  code: 'EBUSY',
  path: 'C:\\myHMS\\apps\\web\\src-tauri\\target\\release\\deps\\app.pdb',
  filename: 'C:\\myHMS\\apps\\web\\src-tauri\\target\\release\\deps\\app.pdb'
}

Node.js v26.4.0
npm error Lifecycle script `dev` failed with error:
npm error code 1
npm error path C:\myHMS\apps\web
npm error workspace @gihm/web@0.1.0
npm error location C:\myHMS\apps\web
npm error command failed
npm error command C:\WINDOWS\system32\cmd.exe /d /s /c vite
